../Core/Src/main.c:106:5:main	520	static
../Core/Src/main.c:200:6:SystemClock_Config	88	static
../Core/Src/main.c:242:13:MX_ADC1_Init	24	static
../Core/Src/main.c:303:13:MX_TIM3_Init	64	static
../Core/Src/main.c:362:13:MX_TIM4_Init	48	static
../Core/Src/main.c:411:13:MX_USART3_Init	8	static
../Core/Src/main.c:443:13:MX_DMA_Init	16	static
../Core/Src/main.c:461:13:MX_GPIO_Init	48	static
../Core/Src/main.c:530:6:defaultTask	8	static
../Core/Src/main.c:547:6:comprint	16	static
../Core/Src/main.c:558:6:setPWM	48	static
../Core/Src/main.c:575:6:HAL_ADC_ConvCpltCallback	24	static
../Core/Src/main.c:589:6:printMeasurements	600	static
../Core/Src/main.c:620:6:StartDefaultTask	16	static
../Core/Src/main.c:636:6:AdcRead	16	static
../Core/Src/main.c:656:6:HAL_TIM_PeriodElapsedCallback	16	static
../Core/Src/main.c:674:6:Error_Handler	4	static,ignoring_inline_asm
