../Core/Src/main.c:106:5:main	1
../Core/Src/main.c:200:6:SystemClock_Config	3
../Core/Src/main.c:242:13:MX_ADC1_Init	4
../Core/Src/main.c:303:13:MX_TIM3_Init	6
../Core/Src/main.c:362:13:MX_TIM4_Init	4
../Core/Src/main.c:411:13:MX_USART3_Init	2
../Core/Src/main.c:443:13:MX_DMA_Init	1
../Core/Src/main.c:461:13:MX_GPIO_Init	1
../Core/Src/main.c:530:6:defaultTask	1
../Core/Src/main.c:547:6:comprint	1
../Core/Src/main.c:558:6:setPWM	1
../Core/Src/main.c:575:6:HAL_ADC_ConvCpltCallback	3
../Core/Src/main.c:589:6:printMeasurements	4
../Core/Src/main.c:620:6:StartDefaultTask	1
../Core/Src/main.c:636:6:AdcRead	1
../Core/Src/main.c:656:6:HAL_TIM_PeriodElapsedCallback	2
../Core/Src/main.c:674:6:Error_Handler	1
