../Core/Src/main.c:102:5:main	8	static
../Core/Src/main.c:191:6:SystemClock_Config	88	static
../Core/Src/main.c:233:13:MX_ADC1_Init	24	static
../Core/Src/main.c:294:13:MX_TIM3_Init	64	static
../Core/Src/main.c:353:13:MX_TIM4_Init	48	static
../Core/Src/main.c:402:13:MX_USART3_Init	8	static
../Core/Src/main.c:434:13:MX_DMA_Init	16	static
../Core/Src/main.c:452:13:MX_GPIO_Init	48	static
../Core/Src/main.c:518:6:defaultTask	8	static
../Core/Src/main.c:529:6:comprint	16	static
../Core/Src/main.c:533:6:setPWM	48	static
../Core/Src/main.c:545:6:HAL_ADC_ConvCpltCallback	24	static
../Core/Src/main.c:555:6:printMeasurements	600	static
../Core/Src/main.c:586:6:StartDefaultTask	16	static
../Core/Src/main.c:602:6:AdcRead	16	static
../Core/Src/main.c:622:6:HAL_TIM_PeriodElapsedCallback	16	static
../Core/Src/main.c:640:6:Error_Handler	4	static,ignoring_inline_asm
