../Core/Src/main.c:107:5:main	1
../Core/Src/main.c:201:6:SystemClock_Config	3
../Core/Src/main.c:243:13:MX_ADC1_Init	4
../Core/Src/main.c:304:13:MX_TIM3_Init	6
../Core/Src/main.c:363:13:MX_TIM4_Init	4
../Core/Src/main.c:412:13:MX_USART3_Init	2
../Core/Src/main.c:444:13:MX_DMA_Init	1
../Core/Src/main.c:462:13:MX_GPIO_Init	1
../Core/Src/main.c:531:6:defaultTask	1
../Core/Src/main.c:548:6:comprint	1
../Core/Src/main.c:559:6:setPWM	1
../Core/Src/main.c:576:6:HAL_ADC_ConvCpltCallback	3
../Core/Src/main.c:592:6:printMeasurements	2
../Core/Src/main.c:615:6:StartDefaultTask	1
../Core/Src/main.c:631:6:AdcRead	1
../Core/Src/main.c:651:6:HAL_TIM_PeriodElapsedCallback	2
../Core/Src/main.c:669:6:Error_Handler	1
