../Core/Src/main.c:96:5:main	520	static
../Core/Src/main.c:190:6:SystemClock_Config	88	static
../Core/Src/main.c:232:13:MX_ADC1_Init	24	static
../Core/Src/main.c:293:13:MX_TIM3_Init	64	static
../Core/Src/main.c:352:13:MX_TIM4_Init	48	static
../Core/Src/main.c:401:13:MX_USART3_Init	8	static
../Core/Src/main.c:433:13:MX_DMA_Init	16	static
../Core/Src/main.c:451:13:MX_GPIO_Init	48	static
../Core/Src/main.c:527:6:StartDefaultTask	16	static
../Core/Src/main.c:544:6:HAL_TIM_PeriodElapsedCallback	16	static
../Core/Src/main.c:562:6:Error_Handler	4	static,ignoring_inline_asm
