../Core/Src/main.c:126:5:main	520	static
../Core/Src/main.c:220:6:SystemClock_Config	88	static
../Core/Src/main.c:262:13:MX_ADC1_Init	24	static
../Core/Src/main.c:323:13:MX_TIM3_Init	64	static
../Core/Src/main.c:382:13:MX_TIM4_Init	48	static
../Core/Src/main.c:431:13:MX_USART3_Init	8	static
../Core/Src/main.c:463:13:MX_DMA_Init	16	static
../Core/Src/main.c:481:13:MX_GPIO_Init	48	static
../Core/Src/main.c:550:6:defaultTask	8	static
../Core/Src/main.c:567:6:comprint	16	static
../Core/Src/main.c:578:6:setPWM	48	static
../Core/Src/main.c:595:6:HAL_ADC_ConvCpltCallback	56	static
../Core/Src/main.c:614:8:adcToVolts	16	static
../Core/Src/main.c:625:5:voltToLineNumber	104	static
../Core/Src/main.c:649:7:getLineMeasurements	48	static
../Core/Src/main.c:669:6:printMeasurements	88	static
../Core/Src/main.c:710:6:StartDefaultTask	16	static
../Core/Src/main.c:726:6:AdcRead	16	static
../Core/Src/main.c:746:6:HAL_TIM_PeriodElapsedCallback	16	static
../Core/Src/main.c:764:6:Error_Handler	4	static,ignoring_inline_asm
