../Core/Src/main.c:126:5:main	1
../Core/Src/main.c:220:6:SystemClock_Config	3
../Core/Src/main.c:262:13:MX_ADC1_Init	4
../Core/Src/main.c:323:13:MX_TIM3_Init	6
../Core/Src/main.c:382:13:MX_TIM4_Init	4
../Core/Src/main.c:431:13:MX_USART3_Init	2
../Core/Src/main.c:463:13:MX_DMA_Init	1
../Core/Src/main.c:481:13:MX_GPIO_Init	1
../Core/Src/main.c:550:6:defaultTask	1
../Core/Src/main.c:567:6:comprint	1
../Core/Src/main.c:578:6:setPWM	1
../Core/Src/main.c:595:6:HAL_ADC_ConvCpltCallback	3
../Core/Src/main.c:614:8:adcToVolts	1
../Core/Src/main.c:625:5:voltToLineNumber	2
../Core/Src/main.c:649:7:getLineMeasurements	6
../Core/Src/main.c:669:6:printMeasurements	5
../Core/Src/main.c:710:6:StartDefaultTask	1
../Core/Src/main.c:726:6:AdcRead	1
../Core/Src/main.c:746:6:HAL_TIM_PeriodElapsedCallback	2
../Core/Src/main.c:764:6:Error_Handler	1
