../Core/Src/main.c:120:5:main	520	static
../Core/Src/main.c:214:6:SystemClock_Config	88	static
../Core/Src/main.c:256:13:MX_ADC1_Init	24	static
../Core/Src/main.c:317:13:MX_TIM3_Init	64	static
../Core/Src/main.c:376:13:MX_TIM4_Init	48	static
../Core/Src/main.c:425:13:MX_USART3_Init	8	static
../Core/Src/main.c:457:13:MX_DMA_Init	16	static
../Core/Src/main.c:475:13:MX_GPIO_Init	48	static
../Core/Src/main.c:544:6:defaultTask	8	static
../Core/Src/main.c:561:6:comprint	16	static
../Core/Src/main.c:572:6:setPWM	48	static
../Core/Src/main.c:589:6:HAL_ADC_ConvCpltCallback	56	static
../Core/Src/main.c:602:8:adcToVolts	16	static
../Core/Src/main.c:606:5:voltToLineNumber	104	static
../Core/Src/main.c:625:6:printMeasurements	88	static
../Core/Src/main.c:665:6:StartDefaultTask	16	static
../Core/Src/main.c:681:6:AdcRead	16	static
../Core/Src/main.c:701:6:HAL_TIM_PeriodElapsedCallback	16	static
../Core/Src/main.c:719:6:Error_Handler	4	static,ignoring_inline_asm
