C:/Users/Dioxider/STM32Cube/Repository/STM32Cube_FW_F7_V1.17.3/Drivers/STM32F7xx_HAL_Driver/Src/stm32f7xx_hal_usart.c:263:19:HAL_USART_Init	16	static
C:/Users/Dioxider/STM32Cube/Repository/STM32Cube_FW_F7_V1.17.3/Drivers/STM32F7xx_HAL_Driver/Src/stm32f7xx_hal_usart.c:325:19:HAL_USART_DeInit	16	static
C:/Users/Dioxider/STM32Cube/Repository/STM32Cube_FW_F7_V1.17.3/Drivers/STM32F7xx_HAL_Driver/Src/stm32f7xx_hal_usart.c:368:13:HAL_USART_MspInit	16	static
C:/Users/Dioxider/STM32Cube/Repository/STM32Cube_FW_F7_V1.17.3/Drivers/STM32F7xx_HAL_Driver/Src/stm32f7xx_hal_usart.c:383:13:HAL_USART_MspDeInit	16	static
C:/Users/Dioxider/STM32Cube/Repository/STM32Cube_FW_F7_V1.17.3/Drivers/STM32F7xx_HAL_Driver/Src/stm32f7xx_hal_usart.c:713:19:HAL_USART_Transmit	48	static
C:/Users/Dioxider/STM32Cube/Repository/STM32Cube_FW_F7_V1.17.3/Drivers/STM32F7xx_HAL_Driver/Src/stm32f7xx_hal_usart.c:811:19:HAL_USART_Receive	48	static
C:/Users/Dioxider/STM32Cube/Repository/STM32Cube_FW_F7_V1.17.3/Drivers/STM32F7xx_HAL_Driver/Src/stm32f7xx_hal_usart.c:916:19:HAL_USART_TransmitReceive	64	static
C:/Users/Dioxider/STM32Cube/Repository/STM32Cube_FW_F7_V1.17.3/Drivers/STM32F7xx_HAL_Driver/Src/stm32f7xx_hal_usart.c:1063:19:HAL_USART_Transmit_IT	24	static
C:/Users/Dioxider/STM32Cube/Repository/STM32Cube_FW_F7_V1.17.3/Drivers/STM32F7xx_HAL_Driver/Src/stm32f7xx_hal_usart.c:1126:19:HAL_USART_Receive_IT	24	static
C:/Users/Dioxider/STM32Cube/Repository/STM32Cube_FW_F7_V1.17.3/Drivers/STM32F7xx_HAL_Driver/Src/stm32f7xx_hal_usart.c:1204:19:HAL_USART_TransmitReceive_IT	24	static
C:/Users/Dioxider/STM32Cube/Repository/STM32Cube_FW_F7_V1.17.3/Drivers/STM32F7xx_HAL_Driver/Src/stm32f7xx_hal_usart.c:1281:19:HAL_USART_Transmit_DMA	32	static
C:/Users/Dioxider/STM32Cube/Repository/STM32Cube_FW_F7_V1.17.3/Drivers/STM32F7xx_HAL_Driver/Src/stm32f7xx_hal_usart.c:1366:19:HAL_USART_Receive_DMA	32	static
C:/Users/Dioxider/STM32Cube/Repository/STM32Cube_FW_F7_V1.17.3/Drivers/STM32F7xx_HAL_Driver/Src/stm32f7xx_hal_usart.c:1484:19:HAL_USART_TransmitReceive_DMA	32	static
C:/Users/Dioxider/STM32Cube/Repository/STM32Cube_FW_F7_V1.17.3/Drivers/STM32F7xx_HAL_Driver/Src/stm32f7xx_hal_usart.c:1604:19:HAL_USART_DMAPause	24	static
C:/Users/Dioxider/STM32Cube/Repository/STM32Cube_FW_F7_V1.17.3/Drivers/STM32F7xx_HAL_Driver/Src/stm32f7xx_hal_usart.c:1651:19:HAL_USART_DMAResume	24	static
C:/Users/Dioxider/STM32Cube/Repository/STM32Cube_FW_F7_V1.17.3/Drivers/STM32F7xx_HAL_Driver/Src/stm32f7xx_hal_usart.c:1698:19:HAL_USART_DMAStop	16	static
C:/Users/Dioxider/STM32Cube/Repository/STM32Cube_FW_F7_V1.17.3/Drivers/STM32F7xx_HAL_Driver/Src/stm32f7xx_hal_usart.c:1758:19:HAL_USART_Abort	16	static
C:/Users/Dioxider/STM32Cube/Repository/STM32Cube_FW_F7_V1.17.3/Drivers/STM32F7xx_HAL_Driver/Src/stm32f7xx_hal_usart.c:1849:19:HAL_USART_Abort_IT	24	static
C:/Users/Dioxider/STM32Cube/Repository/STM32Cube_FW_F7_V1.17.3/Drivers/STM32F7xx_HAL_Driver/Src/stm32f7xx_hal_usart.c:1974:6:HAL_USART_IRQHandler	40	static
C:/Users/Dioxider/STM32Cube/Repository/STM32Cube_FW_F7_V1.17.3/Drivers/STM32F7xx_HAL_Driver/Src/stm32f7xx_hal_usart.c:2170:13:HAL_USART_TxCpltCallback	16	static
C:/Users/Dioxider/STM32Cube/Repository/STM32Cube_FW_F7_V1.17.3/Drivers/STM32F7xx_HAL_Driver/Src/stm32f7xx_hal_usart.c:2185:13:HAL_USART_TxHalfCpltCallback	16	static
C:/Users/Dioxider/STM32Cube/Repository/STM32Cube_FW_F7_V1.17.3/Drivers/STM32F7xx_HAL_Driver/Src/stm32f7xx_hal_usart.c:2200:13:HAL_USART_RxCpltCallback	16	static
C:/Users/Dioxider/STM32Cube/Repository/STM32Cube_FW_F7_V1.17.3/Drivers/STM32F7xx_HAL_Driver/Src/stm32f7xx_hal_usart.c:2215:13:HAL_USART_RxHalfCpltCallback	16	static
C:/Users/Dioxider/STM32Cube/Repository/STM32Cube_FW_F7_V1.17.3/Drivers/STM32F7xx_HAL_Driver/Src/stm32f7xx_hal_usart.c:2230:13:HAL_USART_TxRxCpltCallback	16	static
C:/Users/Dioxider/STM32Cube/Repository/STM32Cube_FW_F7_V1.17.3/Drivers/STM32F7xx_HAL_Driver/Src/stm32f7xx_hal_usart.c:2245:13:HAL_USART_ErrorCallback	16	static
C:/Users/Dioxider/STM32Cube/Repository/STM32Cube_FW_F7_V1.17.3/Drivers/STM32F7xx_HAL_Driver/Src/stm32f7xx_hal_usart.c:2260:13:HAL_USART_AbortCpltCallback	16	static
C:/Users/Dioxider/STM32Cube/Repository/STM32Cube_FW_F7_V1.17.3/Drivers/STM32F7xx_HAL_Driver/Src/stm32f7xx_hal_usart.c:2297:24:HAL_USART_GetState	16	static
C:/Users/Dioxider/STM32Cube/Repository/STM32Cube_FW_F7_V1.17.3/Drivers/STM32F7xx_HAL_Driver/Src/stm32f7xx_hal_usart.c:2308:10:HAL_USART_GetError	16	static
C:/Users/Dioxider/STM32Cube/Repository/STM32Cube_FW_F7_V1.17.3/Drivers/STM32F7xx_HAL_Driver/Src/stm32f7xx_hal_usart.c:2349:13:USART_EndTransfer	16	static
C:/Users/Dioxider/STM32Cube/Repository/STM32Cube_FW_F7_V1.17.3/Drivers/STM32F7xx_HAL_Driver/Src/stm32f7xx_hal_usart.c:2364:13:USART_DMATransmitCplt	24	static
C:/Users/Dioxider/STM32Cube/Repository/STM32Cube_FW_F7_V1.17.3/Drivers/STM32F7xx_HAL_Driver/Src/stm32f7xx_hal_usart.c:2404:13:USART_DMATxHalfCplt	24	static
C:/Users/Dioxider/STM32Cube/Repository/STM32Cube_FW_F7_V1.17.3/Drivers/STM32F7xx_HAL_Driver/Src/stm32f7xx_hal_usart.c:2422:13:USART_DMAReceiveCplt	24	static
C:/Users/Dioxider/STM32Cube/Repository/STM32Cube_FW_F7_V1.17.3/Drivers/STM32F7xx_HAL_Driver/Src/stm32f7xx_hal_usart.c:2497:13:USART_DMARxHalfCplt	24	static
C:/Users/Dioxider/STM32Cube/Repository/STM32Cube_FW_F7_V1.17.3/Drivers/STM32F7xx_HAL_Driver/Src/stm32f7xx_hal_usart.c:2515:13:USART_DMAError	24	static
C:/Users/Dioxider/STM32Cube/Repository/STM32Cube_FW_F7_V1.17.3/Drivers/STM32F7xx_HAL_Driver/Src/stm32f7xx_hal_usart.c:2541:13:USART_DMAAbortOnError	24	static
C:/Users/Dioxider/STM32Cube/Repository/STM32Cube_FW_F7_V1.17.3/Drivers/STM32F7xx_HAL_Driver/Src/stm32f7xx_hal_usart.c:2564:13:USART_DMATxAbortCallback	24	static
C:/Users/Dioxider/STM32Cube/Repository/STM32Cube_FW_F7_V1.17.3/Drivers/STM32F7xx_HAL_Driver/Src/stm32f7xx_hal_usart.c:2612:13:USART_DMARxAbortCallback	24	static
C:/Users/Dioxider/STM32Cube/Repository/STM32Cube_FW_F7_V1.17.3/Drivers/STM32F7xx_HAL_Driver/Src/stm32f7xx_hal_usart.c:2661:26:USART_WaitOnFlagUntilTimeout	24	static
C:/Users/Dioxider/STM32Cube/Repository/STM32Cube_FW_F7_V1.17.3/Drivers/STM32F7xx_HAL_Driver/Src/stm32f7xx_hal_usart.c:2689:26:USART_SetConfig	40	static
C:/Users/Dioxider/STM32Cube/Repository/STM32Cube_FW_F7_V1.17.3/Drivers/STM32F7xx_HAL_Driver/Src/stm32f7xx_hal_usart.c:2785:26:USART_CheckIdleState	32	static
C:/Users/Dioxider/STM32Cube/Repository/STM32Cube_FW_F7_V1.17.3/Drivers/STM32F7xx_HAL_Driver/Src/stm32f7xx_hal_usart.c:2836:13:USART_TxISR_8BIT	24	static
C:/Users/Dioxider/STM32Cube/Repository/STM32Cube_FW_F7_V1.17.3/Drivers/STM32F7xx_HAL_Driver/Src/stm32f7xx_hal_usart.c:2870:13:USART_TxISR_16BIT	24	static
C:/Users/Dioxider/STM32Cube/Repository/STM32Cube_FW_F7_V1.17.3/Drivers/STM32F7xx_HAL_Driver/Src/stm32f7xx_hal_usart.c:2903:13:USART_EndTransmit_IT	16	static
C:/Users/Dioxider/STM32Cube/Repository/STM32Cube_FW_F7_V1.17.3/Drivers/STM32F7xx_HAL_Driver/Src/stm32f7xx_hal_usart.c:2959:13:USART_RxISR_8BIT	24	static
C:/Users/Dioxider/STM32Cube/Repository/STM32Cube_FW_F7_V1.17.3/Drivers/STM32F7xx_HAL_Driver/Src/stm32f7xx_hal_usart.c:3039:13:USART_RxISR_16BIT	32	static
