../Core/Src/main.c:103:5:main	520	static
../Core/Src/main.c:196:6:SystemClock_Config	88	static
../Core/Src/main.c:238:13:MX_ADC1_Init	24	static
../Core/Src/main.c:299:13:MX_TIM3_Init	64	static
../Core/Src/main.c:358:13:MX_TIM4_Init	48	static
../Core/Src/main.c:407:13:MX_USART3_Init	8	static
../Core/Src/main.c:439:13:MX_DMA_Init	16	static
../Core/Src/main.c:457:13:MX_GPIO_Init	48	static
../Core/Src/main.c:523:6:defaultTask	528	static
../Core/Src/main.c:537:6:comprint	16	static
../Core/Src/main.c:541:6:setPWM	48	static
../Core/Src/main.c:553:6:HAL_ADC_ConvCpltCallback	24	static
../Core/Src/main.c:563:6:printMeasurements	64	static
../Core/Src/main.c:584:6:StartDefaultTask	16	static
../Core/Src/main.c:600:6:AdcRead	16	static
../Core/Src/main.c:620:6:HAL_TIM_PeriodElapsedCallback	16	static
../Core/Src/main.c:638:6:Error_Handler	4	static,ignoring_inline_asm
